// Jest Snapshot v1, https://goo.gl/fbAQLP

exports[`<About /> renders correctly 1`] = `
<div
  className="container"
>
  <div
    className="row"
  >
    <div
      className="col"
    >
      <h2
        className="title"
      >
        About Us
      </h2>
      <img
        className="img-fluid"
        src="about.jpg"
      />
      <p
        className="paragraph"
      >
        Browse over 7,000 recipes. Discover quick and easy dinners, delicious dessert recipes, the latest food trends and more. What will you cook today?
      </p>
    </div>
  </div>
</div>
`;
