// Jest Snapshot v1, https://goo.gl/fbAQLP

exports[`<Error /> renders correctly 1`] = `
<div>
  <h1>
    Error 404! Page not found!
  </h1>
</div>
`;
